2026-07-22 10:16:34,770 - INFO - waitress_server.run_server - ✅ Database tables checked / created.
2026-07-22 10:16:34,775 - INFO - waitress_server.auto_fetch_reports - Starting auto-fetch of reports...
2026-07-22 10:16:34,775 - INFO - waitress_server.run_server - ✅ Scheduler started: checking for reports every 2 hours.
2026-07-22 10:16:34,775 - INFO - waitress_server.run_server - =================================================================
2026-07-22 10:16:34,775 - INFO - waitress_server.run_server -   HTC End-to-End Visibility Monitoring Dashboard
2026-07-22 10:16:34,775 - INFO - waitress_server.run_server -   Ethiopian Airlines | MPTC Engineering
2026-07-22 10:16:34,776 - INFO - waitress_server.run_server - 🚀 Portal starting on http://0.0.0.0:5000
2026-07-22 10:16:34,776 - INFO - waitress_server.run_server - =================================================================
2026-07-22 10:16:34,780 - INFO - wasyncore.log_info - Serving on http://0.0.0.0:5000
2026-07-22 10:16:34,802 - INFO - waitress_server.auto_fetch_reports - Latest file Tracked_Part_Installation_Removal-202607211513.xls already loaded.
2026-07-22 12:16:34,980 - INFO - waitress_server.auto_fetch_reports - Starting auto-fetch of reports...
2026-07-22 12:16:35,026 - INFO - waitress_server.auto_fetch_reports - Latest file Tracked_Part_Installation_Removal-202607211513.xls already loaded.
2026-07-22 14:16:35,236 - INFO - waitress_server.auto_fetch_reports - Starting auto-fetch of reports...
2026-07-22 14:16:35,294 - INFO - waitress_server.auto_fetch_reports - Latest file Tracked_Part_Installation_Removal-202607211513.xls already loaded.
2026-07-22 16:16:35,500 - INFO - waitress_server.auto_fetch_reports - Starting auto-fetch of reports...
2026-07-22 16:16:35,539 - INFO - waitress_server.auto_fetch_reports - Latest file Tracked_Part_Installation_Removal-202607211513.xls already loaded.
2026-07-22 18:16:35,712 - INFO - waitress_server.auto_fetch_reports - Starting auto-fetch of reports...
2026-07-22 18:16:35,749 - INFO - waitress_server.auto_fetch_reports - Latest file Tracked_Part_Installation_Removal-202607211513.xls already loaded.
2026-07-22 20:16:35,917 - INFO - waitress_server.auto_fetch_reports - Starting auto-fetch of reports...
2026-07-22 20:16:35,958 - INFO - waitress_server.auto_fetch_reports - Latest file Tracked_Part_Installation_Removal-202607211513.xls already loaded.
2026-07-22 22:16:36,103 - INFO - waitress_server.auto_fetch_reports - Starting auto-fetch of reports...
2026-07-22 22:16:36,145 - INFO - waitress_server.auto_fetch_reports - Latest file Tracked_Part_Installation_Removal-202607211513.xls already loaded.
2026-07-23 00:16:36,286 - INFO - waitress_server.auto_fetch_reports - Starting auto-fetch of reports...
2026-07-23 00:16:36,331 - INFO - waitress_server.auto_fetch_reports - Latest file Tracked_Part_Installation_Removal-202607211513.xls already loaded.
2026-07-23 02:16:36,478 - INFO - waitress_server.auto_fetch_reports - Starting auto-fetch of reports...
2026-07-23 02:16:36,510 - INFO - waitress_server.auto_fetch_reports - Latest file Tracked_Part_Installation_Removal-202607211513.xls already loaded.
2026-07-23 04:16:36,655 - INFO - waitress_server.auto_fetch_reports - Starting auto-fetch of reports...
2026-07-23 04:16:36,697 - INFO - waitress_server.auto_fetch_reports - Latest file Tracked_Part_Installation_Removal-202607211513.xls already loaded.
2026-07-23 06:16:36,837 - INFO - waitress_server.auto_fetch_reports - Starting auto-fetch of reports...
2026-07-23 06:16:36,888 - INFO - waitress_server.auto_fetch_reports - Latest file Tracked_Part_Installation_Removal-202607211513.xls already loaded.
2026-07-23 08:16:37,031 - INFO - waitress_server.auto_fetch_reports - Starting auto-fetch of reports...
2026-07-23 08:16:37,044 - INFO - waitress_server.auto_fetch_reports - Latest file Tracked_Part_Installation_Removal-202607211513.xls already loaded.
2026-07-23 10:16:37,208 - INFO - waitress_server.auto_fetch_reports - Starting auto-fetch of reports...
2026-07-23 10:16:37,286 - INFO - waitress_server.auto_fetch_reports - Latest file Tracked_Part_Installation_Removal-202607211513.xls already loaded.
2026-07-23 12:16:37,463 - INFO - waitress_server.auto_fetch_reports - Starting auto-fetch of reports...
2026-07-23 12:16:37,503 - INFO - waitress_server.auto_fetch_reports - Latest file Tracked_Part_Installation_Removal-202607211513.xls already loaded.
2026-07-23 14:16:37,678 - INFO - waitress_server.auto_fetch_reports - Starting auto-fetch of reports...
2026-07-23 14:16:37,710 - INFO - waitress_server.auto_fetch_reports - Latest file Tracked_Part_Installation_Removal-202607211513.xls already loaded.
2026-07-23 16:16:37,881 - INFO - waitress_server.auto_fetch_reports - Starting auto-fetch of reports...
2026-07-23 16:16:37,889 - INFO - waitress_server.auto_fetch_reports - Latest file Tracked_Part_Installation_Removal-202607211513.xls already loaded.
2026-07-23 18:16:38,055 - INFO - waitress_server.auto_fetch_reports - Starting auto-fetch of reports...
2026-07-23 18:16:38,085 - INFO - waitress_server.auto_fetch_reports - Latest file Tracked_Part_Installation_Removal-202607211513.xls already loaded.
2026-07-23 20:16:38,242 - INFO - waitress_server.auto_fetch_reports - Starting auto-fetch of reports...
2026-07-23 20:16:38,280 - INFO - waitress_server.auto_fetch_reports - Latest file Tracked_Part_Installation_Removal-202607211513.xls already loaded.
2026-07-23 22:16:38,433 - INFO - waitress_server.auto_fetch_reports - Starting auto-fetch of reports...
2026-07-23 22:16:38,472 - INFO - waitress_server.auto_fetch_reports - Latest file Tracked_Part_Installation_Removal-202607211513.xls already loaded.
2026-07-24 00:16:38,621 - INFO - waitress_server.auto_fetch_reports - Starting auto-fetch of reports...
2026-07-24 00:16:38,660 - INFO - waitress_server.auto_fetch_reports - Latest file Tracked_Part_Installation_Removal-202607211513.xls already loaded.
2026-07-24 02:16:38,807 - INFO - waitress_server.auto_fetch_reports - Starting auto-fetch of reports...
2026-07-24 02:16:38,846 - INFO - waitress_server.auto_fetch_reports - Latest file Tracked_Part_Installation_Removal-202607211513.xls already loaded.
2026-07-24 04:16:38,999 - INFO - waitress_server.auto_fetch_reports - Starting auto-fetch of reports...
2026-07-24 04:16:39,038 - INFO - waitress_server.auto_fetch_reports - Latest file Tracked_Part_Installation_Removal-202607211513.xls already loaded.
2026-07-24 06:16:39,181 - INFO - waitress_server.auto_fetch_reports - Starting auto-fetch of reports...
2026-07-24 06:16:39,237 - INFO - waitress_server.auto_fetch_reports - Latest file Tracked_Part_Installation_Removal-202607211513.xls already loaded.
2026-07-24 08:16:39,380 - INFO - waitress_server.auto_fetch_reports - Starting auto-fetch of reports...
2026-07-24 08:16:39,393 - INFO - waitress_server.auto_fetch_reports - Latest file Tracked_Part_Installation_Removal-202607211513.xls already loaded.
2026-07-24 08:31:56,528 - INFO - waitress_server.run_server - ✅ Database tables checked / created.
2026-07-24 08:31:56,534 - INFO - waitress_server.auto_fetch_reports - Starting auto-fetch of reports...
2026-07-24 08:31:56,534 - INFO - waitress_server.run_server - ✅ Scheduler started: checking for reports every 2 hours.
2026-07-24 08:31:56,534 - INFO - waitress_server.run_server - =================================================================
2026-07-24 08:31:56,534 - INFO - waitress_server.run_server -   HTC End-to-End Visibility Monitoring Dashboard
2026-07-24 08:31:56,534 - INFO - waitress_server.run_server -   Ethiopian Airlines | MPTC Engineering
2026-07-24 08:31:56,534 - INFO - waitress_server.run_server - 🚀 Portal starting on http://0.0.0.0:5000
2026-07-24 08:31:56,535 - INFO - waitress_server.run_server - =================================================================
2026-07-24 08:31:56,542 - INFO - wasyncore.log_info - Serving on http://0.0.0.0:5000
2026-07-24 08:31:56,574 - INFO - waitress_server.auto_fetch_reports - No reports found in \\svhqftp03\HCT during auto-fetch.
2026-07-24 10:31:56,780 - INFO - waitress_server.auto_fetch_reports - Starting auto-fetch of reports...
2026-07-24 10:31:56,834 - INFO - waitress_server.auto_fetch_reports - No reports found in \\svhqftp03\HCT during auto-fetch.
2026-07-24 12:31:57,020 - INFO - waitress_server.auto_fetch_reports - Starting auto-fetch of reports...
2026-07-24 12:31:57,101 - INFO - waitress_server.auto_fetch_reports - No reports found in \\svhqftp03\HCT during auto-fetch.
2026-07-24 14:31:57,269 - INFO - waitress_server.auto_fetch_reports - Starting auto-fetch of reports...
2026-07-24 14:31:57,330 - INFO - waitress_server.auto_fetch_reports - No reports found in \\svhqftp03\HCT during auto-fetch.
2026-07-24 16:31:57,531 - INFO - waitress_server.auto_fetch_reports - Starting auto-fetch of reports...
2026-07-24 16:31:57,613 - INFO - waitress_server.auto_fetch_reports - No reports found in \\svhqftp03\HCT during auto-fetch.
2026-07-24 18:31:57,801 - INFO - waitress_server.auto_fetch_reports - Starting auto-fetch of reports...
2026-07-24 18:31:57,886 - INFO - waitress_server.auto_fetch_reports - No reports found in \\svhqftp03\HCT during auto-fetch.
2026-07-24 20:31:58,042 - INFO - waitress_server.auto_fetch_reports - Starting auto-fetch of reports...
2026-07-24 20:31:58,136 - INFO - waitress_server.auto_fetch_reports - No reports found in \\svhqftp03\HCT during auto-fetch.
2026-07-24 22:31:58,286 - INFO - waitress_server.auto_fetch_reports - Starting auto-fetch of reports...
2026-07-24 22:31:58,354 - INFO - waitress_server.auto_fetch_reports - No reports found in \\svhqftp03\HCT during auto-fetch.
2026-07-25 00:31:58,502 - INFO - waitress_server.auto_fetch_reports - Starting auto-fetch of reports...
2026-07-25 00:31:58,685 - INFO - waitress_server.auto_fetch_reports - No reports found in \\svhqftp03\HCT during auto-fetch.
2026-07-25 02:31:58,835 - INFO - waitress_server.auto_fetch_reports - Starting auto-fetch of reports...
2026-07-25 02:31:58,904 - INFO - waitress_server.auto_fetch_reports - No reports found in \\svhqftp03\HCT during auto-fetch.
2026-07-25 04:31:59,050 - INFO - waitress_server.auto_fetch_reports - Starting auto-fetch of reports...
2026-07-25 04:31:59,140 - INFO - waitress_server.auto_fetch_reports - No reports found in \\svhqftp03\HCT during auto-fetch.
2026-07-25 06:31:59,293 - INFO - waitress_server.auto_fetch_reports - Starting auto-fetch of reports...
2026-07-25 06:31:59,395 - INFO - waitress_server.auto_fetch_reports - No reports found in \\svhqftp03\HCT during auto-fetch.
2026-07-25 08:31:59,539 - INFO - waitress_server.auto_fetch_reports - Starting auto-fetch of reports...
2026-07-25 08:31:59,635 - INFO - waitress_server.auto_fetch_reports - No reports found in \\svhqftp03\HCT during auto-fetch.
2026-07-25 10:31:59,783 - INFO - waitress_server.auto_fetch_reports - Starting auto-fetch of reports...
2026-07-25 10:31:59,873 - INFO - waitress_server.auto_fetch_reports - No reports found in \\svhqftp03\HCT during auto-fetch.
2026-07-25 12:32:00,032 - INFO - waitress_server.auto_fetch_reports - Starting auto-fetch of reports...
2026-07-25 12:32:00,237 - INFO - waitress_server.auto_fetch_reports - No reports found in \\svhqftp03\HCT during auto-fetch.
2026-07-25 14:32:00,394 - INFO - waitress_server.auto_fetch_reports - Starting auto-fetch of reports...
2026-07-25 14:32:00,506 - INFO - waitress_server.auto_fetch_reports - No reports found in \\svhqftp03\HCT during auto-fetch.
2026-07-25 16:32:00,662 - INFO - waitress_server.auto_fetch_reports - Starting auto-fetch of reports...
2026-07-25 16:32:00,883 - INFO - waitress_server.auto_fetch_reports - No reports found in \\svhqftp03\HCT during auto-fetch.
2026-07-25 18:32:01,040 - INFO - waitress_server.auto_fetch_reports - Starting auto-fetch of reports...
2026-07-25 18:32:01,148 - INFO - waitress_server.auto_fetch_reports - No reports found in \\svhqftp03\HCT during auto-fetch.
2026-07-25 20:32:01,309 - INFO - waitress_server.auto_fetch_reports - Starting auto-fetch of reports...
2026-07-25 20:32:01,392 - INFO - waitress_server.auto_fetch_reports - No reports found in \\svhqftp03\HCT during auto-fetch.
2026-07-25 22:32:01,538 - INFO - waitress_server.auto_fetch_reports - Starting auto-fetch of reports...
2026-07-25 22:32:01,645 - INFO - waitress_server.auto_fetch_reports - No reports found in \\svhqftp03\HCT during auto-fetch.
2026-07-26 00:32:01,793 - INFO - waitress_server.auto_fetch_reports - Starting auto-fetch of reports...
2026-07-26 00:32:01,869 - INFO - waitress_server.auto_fetch_reports - No reports found in \\svhqftp03\HCT during auto-fetch.
2026-07-26 02:32:02,025 - INFO - waitress_server.auto_fetch_reports - Starting auto-fetch of reports...
2026-07-26 02:32:02,095 - INFO - waitress_server.auto_fetch_reports - No reports found in \\svhqftp03\HCT during auto-fetch.
2026-07-26 04:32:02,235 - INFO - waitress_server.auto_fetch_reports - Starting auto-fetch of reports...
2026-07-26 04:32:02,308 - INFO - waitress_server.auto_fetch_reports - No reports found in \\svhqftp03\HCT during auto-fetch.
2026-07-26 06:32:02,473 - INFO - waitress_server.auto_fetch_reports - Starting auto-fetch of reports...
2026-07-26 06:32:02,551 - INFO - waitress_server.auto_fetch_reports - No reports found in \\svhqftp03\HCT during auto-fetch.
2026-07-26 08:32:02,692 - INFO - waitress_server.auto_fetch_reports - Starting auto-fetch of reports...
2026-07-26 08:32:02,786 - INFO - waitress_server.auto_fetch_reports - No reports found in \\svhqftp03\HCT during auto-fetch.
2026-07-26 10:32:02,931 - INFO - waitress_server.auto_fetch_reports - Starting auto-fetch of reports...
2026-07-26 10:32:02,994 - INFO - waitress_server.auto_fetch_reports - No reports found in \\svhqftp03\HCT during auto-fetch.
2026-07-26 12:32:03,144 - INFO - waitress_server.auto_fetch_reports - Starting auto-fetch of reports...
2026-07-26 12:32:03,225 - INFO - waitress_server.auto_fetch_reports - No reports found in \\svhqftp03\HCT during auto-fetch.
2026-07-26 14:32:03,381 - INFO - waitress_server.auto_fetch_reports - Starting auto-fetch of reports...
2026-07-26 14:32:03,445 - INFO - waitress_server.auto_fetch_reports - No reports found in \\svhqftp03\HCT during auto-fetch.
2026-07-26 16:32:03,603 - INFO - waitress_server.auto_fetch_reports - Starting auto-fetch of reports...
2026-07-26 16:32:03,670 - INFO - waitress_server.auto_fetch_reports - No reports found in \\svhqftp03\HCT during auto-fetch.
2026-07-26 18:32:03,826 - INFO - waitress_server.auto_fetch_reports - Starting auto-fetch of reports...
2026-07-26 18:32:03,932 - INFO - waitress_server.auto_fetch_reports - No reports found in \\svhqftp03\HCT during auto-fetch.
2026-07-26 20:32:04,080 - INFO - waitress_server.auto_fetch_reports - Starting auto-fetch of reports...
2026-07-26 20:32:04,158 - INFO - waitress_server.auto_fetch_reports - No reports found in \\svhqftp03\HCT during auto-fetch.
2026-07-26 22:32:04,303 - INFO - waitress_server.auto_fetch_reports - Starting auto-fetch of reports...
2026-07-26 22:32:04,375 - INFO - waitress_server.auto_fetch_reports - No reports found in \\svhqftp03\HCT during auto-fetch.
2026-07-27 00:32:04,519 - INFO - waitress_server.auto_fetch_reports - Starting auto-fetch of reports...
2026-07-27 00:32:04,601 - INFO - waitress_server.auto_fetch_reports - No reports found in \\svhqftp03\HCT during auto-fetch.
2026-07-27 02:32:04,744 - INFO - waitress_server.auto_fetch_reports - Starting auto-fetch of reports...
2026-07-27 02:32:04,922 - INFO - waitress_server.auto_fetch_reports - No reports found in \\svhqftp03\HCT during auto-fetch.
2026-07-27 04:32:05,060 - INFO - waitress_server.auto_fetch_reports - Starting auto-fetch of reports...
2026-07-27 04:32:05,177 - INFO - waitress_server.auto_fetch_reports - No reports found in \\svhqftp03\HCT during auto-fetch.
2026-07-27 06:32:05,313 - INFO - waitress_server.auto_fetch_reports - Starting auto-fetch of reports...
2026-07-27 06:32:05,488 - INFO - waitress_server.auto_fetch_reports - No reports found in \\svhqftp03\HCT during auto-fetch.
2026-07-27 08:32:05,637 - INFO - waitress_server.auto_fetch_reports - Starting auto-fetch of reports...
2026-07-27 08:32:05,670 - INFO - waitress_server.auto_fetch_reports - No reports found in \\svhqftp03\HCT during auto-fetch.
2026-07-27 10:32:05,908 - INFO - waitress_server.auto_fetch_reports - Starting auto-fetch of reports...
2026-07-27 10:32:05,998 - INFO - waitress_server.auto_fetch_reports - No reports found in \\svhqftp03\HCT during auto-fetch.
2026-07-27 11:47:47,664 - INFO - waitress_server.run_server - ✅ Database tables checked / created.
2026-07-27 11:47:47,685 - INFO - waitress_server.auto_fetch_reports - Starting auto-fetch of reports...
2026-07-27 11:47:47,685 - INFO - waitress_server.run_server - ✅ Scheduler started: checking for reports every 2 hours.
2026-07-27 11:47:47,685 - INFO - waitress_server.run_server - =================================================================
2026-07-27 11:47:47,685 - INFO - waitress_server.run_server -   HTC End-to-End Visibility Monitoring Dashboard
2026-07-27 11:47:47,685 - INFO - waitress_server.run_server -   Ethiopian Airlines | MPTC Engineering
2026-07-27 11:47:47,685 - INFO - waitress_server.run_server - 🚀 Portal starting on http://0.0.0.0:5000
2026-07-27 11:47:47,685 - INFO - waitress_server.run_server - =================================================================
2026-07-27 11:47:47,701 - INFO - wasyncore.log_info - Serving on http://0.0.0.0:5000
2026-07-27 11:47:47,715 - INFO - waitress_server.auto_fetch_reports - No reports found in \\svhqftp03\HCT during auto-fetch.
2026-07-27 11:54:00,764 - INFO - waitress_server.run_server - ✅ Database tables checked / created.
2026-07-27 11:54:00,767 - INFO - waitress_server.auto_fetch_reports - Starting auto-fetch of reports...
2026-07-27 11:54:00,768 - INFO - waitress_server.run_server - ✅ Scheduler started: checking for reports every 2 hours.
2026-07-27 11:54:00,768 - INFO - waitress_server.run_server - =================================================================
2026-07-27 11:54:00,768 - INFO - waitress_server.run_server -   HTC End-to-End Visibility Monitoring Dashboard
2026-07-27 11:54:00,768 - INFO - waitress_server.run_server -   Ethiopian Airlines | MPTC Engineering
2026-07-27 11:54:00,768 - INFO - waitress_server.run_server - 🚀 Portal starting on http://0.0.0.0:5000
2026-07-27 11:54:00,768 - INFO - waitress_server.run_server - =================================================================
2026-07-27 11:54:00,774 - INFO - wasyncore.log_info - Serving on http://0.0.0.0:5000
2026-07-27 11:54:00,795 - WARNING - database.scan_share_directory - scan_share_directory: '\\svhqftp03\HCT' is NOT a directory or not accessible.
2026-07-27 11:54:00,795 - INFO - waitress_server.auto_fetch_reports - No reports found in \\svhqftp03\HCT during auto-fetch.
2026-07-27 11:54:07,659 - WARNING - database.scan_share_directory - scan_share_directory: '\\svhqftp03\HCT' is NOT a directory or not accessible.
2026-07-27 11:54:28,336 - WARNING - database.scan_share_directory - scan_share_directory: '\\svhqftp03\HCT' is NOT a directory or not accessible.
2026-07-27 12:03:25,683 - INFO - waitress_server.run_server - ✅ Database tables checked / created.
2026-07-27 12:03:25,687 - INFO - waitress_server.auto_fetch_reports - Starting auto-fetch of reports...
2026-07-27 12:03:25,687 - INFO - waitress_server.run_server - ✅ Scheduler started: checking for reports every 2 hours.
2026-07-27 12:03:25,687 - INFO - waitress_server.run_server - =================================================================
2026-07-27 12:03:25,687 - INFO - waitress_server.run_server -   HTC End-to-End Visibility Monitoring Dashboard
2026-07-27 12:03:25,687 - INFO - waitress_server.run_server -   Ethiopian Airlines | MPTC Engineering
2026-07-27 12:03:25,687 - INFO - waitress_server.run_server - 🚀 Portal starting on http://0.0.0.0:5000
2026-07-27 12:03:25,688 - INFO - waitress_server.run_server - =================================================================
2026-07-27 12:03:25,691 - INFO - database.scan_share_directory - scan_share_directory: '\\svhqftp03\HCT' is a valid directory. Scanning...
2026-07-27 12:03:25,691 - INFO - database.scan_share_directory - scan_share_directory: Found 7 items.
2026-07-27 12:03:25,693 - INFO - wasyncore.log_info - Serving on http://0.0.0.0:5000
2026-07-27 12:03:25,699 - INFO - database.scan_share_directory - scan_share_directory: Returning 7 valid excel files.
2026-07-27 12:03:25,700 - INFO - waitress_server.auto_fetch_reports - Auto-fetching new report: Tracked_Part_Installation_Removal-202607271141.xls
2026-07-27 12:03:25,700 - INFO - database.load_excel - Loading data from \\svhqftp03\HCT\Tracked_Part_Installation_Removal-202607271141.xls into C:\Users\solomonal\OneDrive - Ethiopian Airlines\Others\11 KPI folder\2. Projects\10. Hard time missing mandatory tracker\HTC end to end visibility monitoring\htc_monitor.db
2026-07-27 12:03:25,743 - INFO - database.load_excel - Using sheet: Tracked_Part_Installation_Remov (xlrd)
2026-07-27 12:03:25,757 - INFO - waitress_server.auto_fetch_reports - Auto-fetch loaded 0 records from Tracked_Part_Installation_Removal-202607271141.xls
2026-07-27 12:03:25,757 - INFO - waitress_server.auto_fetch_reports - Auto-fetching new report: Tracked_Part_Installation_Removal-202607271140.xls
2026-07-27 12:03:25,758 - INFO - database.load_excel - Loading data from \\svhqftp03\HCT\Tracked_Part_Installation_Removal-202607271140.xls into C:\Users\solomonal\OneDrive - Ethiopian Airlines\Others\11 KPI folder\2. Projects\10. Hard time missing mandatory tracker\HTC end to end visibility monitoring\htc_monitor.db
2026-07-27 12:03:25,800 - INFO - database.load_excel - Using sheet: Tracked_Part_Installation_Remov (xlrd)
2026-07-27 12:03:25,804 - INFO - waitress_server.auto_fetch_reports - Auto-fetch loaded 0 records from Tracked_Part_Installation_Removal-202607271140.xls
2026-07-27 12:03:25,805 - INFO - waitress_server.auto_fetch_reports - Auto-fetching new report: Tracked_Part_Installation_Removal-202607241513.xls
2026-07-27 12:03:25,805 - INFO - database.load_excel - Loading data from \\svhqftp03\HCT\Tracked_Part_Installation_Removal-202607241513.xls into C:\Users\solomonal\OneDrive - Ethiopian Airlines\Others\11 KPI folder\2. Projects\10. Hard time missing mandatory tracker\HTC end to end visibility monitoring\htc_monitor.db
2026-07-27 12:03:25,845 - INFO - database.load_excel - Using sheet: Tracked_Part_Installation_Remov (xlrd)
2026-07-27 12:03:25,850 - INFO - waitress_server.auto_fetch_reports - Auto-fetch loaded 0 records from Tracked_Part_Installation_Removal-202607241513.xls
2026-07-27 12:04:32,288 - WARNING - database.scan_share_directory - scan_share_directory: '\\svhqftp03\HCT' is NOT a directory or not accessible.
2026-07-27 12:04:37,372 - WARNING - database.scan_share_directory - scan_share_directory: '\\svhqftp03\HCT' is NOT a directory or not accessible.
2026-07-27 12:05:12,870 - INFO - waitress_server.run_server - ✅ Database tables checked / created.
2026-07-27 12:05:12,874 - INFO - waitress_server.auto_fetch_reports - Starting auto-fetch of reports...
2026-07-27 12:05:12,874 - INFO - waitress_server.run_server - ✅ Scheduler started: checking for reports every 2 hours.
2026-07-27 12:05:12,874 - INFO - waitress_server.run_server - =================================================================
2026-07-27 12:05:12,874 - INFO - waitress_server.run_server -   HTC End-to-End Visibility Monitoring Dashboard
2026-07-27 12:05:12,874 - INFO - waitress_server.run_server -   Ethiopian Airlines | MPTC Engineering
2026-07-27 12:05:12,874 - INFO - waitress_server.run_server - 🚀 Portal starting on http://0.0.0.0:5000
2026-07-27 12:05:12,874 - INFO - waitress_server.run_server - =================================================================
2026-07-27 12:05:12,881 - INFO - wasyncore.log_info - Serving on http://0.0.0.0:5000
2026-07-27 12:05:12,884 - INFO - database.scan_share_directory - scan_share_directory: '\\svhqftp03\HCT' is a valid directory. Scanning...
2026-07-27 12:05:12,885 - INFO - database.scan_share_directory - scan_share_directory: Found 7 items.
2026-07-27 12:05:12,891 - INFO - database.scan_share_directory - scan_share_directory: Returning 7 valid excel files.
2026-07-27 12:05:12,893 - INFO - waitress_server.auto_fetch_reports - All found files are already loaded.
2026-07-27 12:05:14,803 - WARNING - database.scan_share_directory - scan_share_directory: '\\svhqftp03\HCT' is NOT a directory or not accessible.
2026-07-27 12:10:28,990 - WARNING - database.scan_share_directory - scan_share_directory: '\\svhqftp03\HCT' is NOT a directory or not accessible.
2026-07-27 12:11:05,868 - INFO - waitress_server.run_server - ✅ Database tables checked / created.
2026-07-27 12:11:05,871 - INFO - waitress_server.auto_fetch_reports - Starting auto-fetch of reports...
2026-07-27 12:11:05,871 - INFO - waitress_server.run_server - ✅ Scheduler started: checking for reports every 2 hours.
2026-07-27 12:11:05,871 - INFO - waitress_server.run_server - =================================================================
2026-07-27 12:11:05,871 - INFO - waitress_server.run_server -   HTC End-to-End Visibility Monitoring Dashboard
2026-07-27 12:11:05,871 - INFO - waitress_server.run_server -   Ethiopian Airlines | MPTC Engineering
2026-07-27 12:11:05,871 - INFO - waitress_server.run_server - 🚀 Portal starting on http://0.0.0.0:5000
2026-07-27 12:11:05,871 - INFO - waitress_server.run_server - =================================================================
2026-07-27 12:11:05,876 - INFO - wasyncore.log_info - Serving on http://0.0.0.0:5000
2026-07-27 12:11:05,877 - INFO - database.scan_share_directory - scan_share_directory: '\\svhqftp03\HCT' is a valid directory. Scanning...
2026-07-27 12:11:05,882 - INFO - database.scan_share_directory - scan_share_directory: Found 7 items.
2026-07-27 12:11:05,889 - INFO - database.scan_share_directory - scan_share_directory: Returning 7 valid excel files.
2026-07-27 12:11:05,890 - INFO - waitress_server.auto_fetch_reports - All found files are already loaded.
2026-07-27 12:11:35,755 - INFO - database.scan_share_directory - scan_share_directory: '\\svhqftp03\HCT' is a valid directory. Scanning...
2026-07-27 12:11:35,756 - INFO - database.scan_share_directory - scan_share_directory: Found 7 items.
2026-07-27 12:11:35,764 - INFO - database.scan_share_directory - scan_share_directory: Returning 7 valid excel files.
2026-07-27 12:11:42,005 - INFO - database.scan_share_directory - scan_share_directory: '\\svhqftp03\HCT' is a valid directory. Scanning...
2026-07-27 12:11:42,005 - INFO - database.scan_share_directory - scan_share_directory: Found 7 items.
2026-07-27 12:11:42,009 - INFO - database.scan_share_directory - scan_share_directory: Returning 7 valid excel files.
2026-07-27 12:12:21,790 - INFO - database.scan_share_directory - scan_share_directory: '\\svhqftp03\HCT' is a valid directory. Scanning...
2026-07-27 12:12:21,790 - INFO - database.scan_share_directory - scan_share_directory: Found 7 items.
2026-07-27 12:12:21,798 - INFO - database.scan_share_directory - scan_share_directory: Returning 7 valid excel files.
2026-07-27 12:15:14,759 - INFO - waitress_server.run_server - ✅ Database tables checked / created.
2026-07-27 12:15:14,762 - INFO - waitress_server.auto_fetch_reports - Starting auto-fetch of reports...
2026-07-27 12:15:14,762 - INFO - waitress_server.run_server - ✅ Scheduler started: checking for reports every 2 hours.
2026-07-27 12:15:14,762 - INFO - waitress_server.run_server - =================================================================
2026-07-27 12:15:14,762 - INFO - waitress_server.run_server -   HTC End-to-End Visibility Monitoring Dashboard
2026-07-27 12:15:14,762 - INFO - waitress_server.run_server -   Ethiopian Airlines | MPTC Engineering
2026-07-27 12:15:14,762 - INFO - waitress_server.run_server - 🚀 Portal starting on http://0.0.0.0:5000
2026-07-27 12:15:14,762 - INFO - waitress_server.run_server - =================================================================
2026-07-27 12:15:14,767 - INFO - database.scan_share_directory - scan_share_directory: '\\svhqftp03\HCT' is a valid directory. Scanning...
2026-07-27 12:15:14,767 - INFO - wasyncore.log_info - Serving on http://0.0.0.0:5000
2026-07-27 12:15:14,767 - INFO - database.scan_share_directory - scan_share_directory: Found 7 items.
2026-07-27 12:15:14,774 - INFO - database.scan_share_directory - scan_share_directory: Returning 7 valid excel files.
2026-07-27 12:15:14,777 - INFO - waitress_server.auto_fetch_reports - All found files are already loaded.
2026-07-27 12:15:30,665 - INFO - database.scan_share_directory - scan_share_directory: '\\svhqftp03\HCT' is a valid directory. Scanning...
2026-07-27 12:15:30,665 - INFO - database.scan_share_directory - scan_share_directory: Found 7 items.
2026-07-27 12:15:30,670 - INFO - database.scan_share_directory - scan_share_directory: Returning 7 valid excel files.
2026-07-27 12:15:34,551 - INFO - database.scan_share_directory - scan_share_directory: '\\svhqftp03\HCT' is a valid directory. Scanning...
2026-07-27 12:15:34,552 - INFO - database.scan_share_directory - scan_share_directory: Found 7 items.
2026-07-27 12:15:34,558 - INFO - database.scan_share_directory - scan_share_directory: Returning 7 valid excel files.
2026-07-27 12:15:55,500 - INFO - waitress_server.run_server - ✅ Database tables checked / created.
2026-07-27 12:15:55,504 - INFO - waitress_server.auto_fetch_reports - Starting auto-fetch of reports...
2026-07-27 12:15:55,504 - INFO - waitress_server.run_server - ✅ Scheduler started: checking for reports every 2 hours.
2026-07-27 12:15:55,504 - INFO - waitress_server.run_server - =================================================================
2026-07-27 12:15:55,504 - INFO - waitress_server.run_server -   HTC End-to-End Visibility Monitoring Dashboard
2026-07-27 12:15:55,504 - INFO - waitress_server.run_server -   Ethiopian Airlines | MPTC Engineering
2026-07-27 12:15:55,504 - INFO - waitress_server.run_server - 🚀 Portal starting on http://0.0.0.0:5000
2026-07-27 12:15:55,506 - INFO - waitress_server.run_server - =================================================================
2026-07-27 12:15:55,508 - INFO - database.scan_share_directory - scan_share_directory: '\\svhqftp03\HCT' is a valid directory. Scanning...
2026-07-27 12:15:55,508 - INFO - database.scan_share_directory - scan_share_directory: Found 7 items.
2026-07-27 12:15:55,510 - INFO - wasyncore.log_info - Serving on http://0.0.0.0:5000
2026-07-27 12:15:55,513 - INFO - database.scan_share_directory - scan_share_directory: Returning 7 valid excel files.
2026-07-27 12:15:55,515 - INFO - waitress_server.auto_fetch_reports - All found files are already loaded.
2026-07-27 12:16:42,012 - INFO - database.scan_share_directory - scan_share_directory: '\\svhqftp03\HCT' is a valid directory. Scanning...
2026-07-27 12:16:42,012 - INFO - database.scan_share_directory - scan_share_directory: Found 7 items.
2026-07-27 12:16:42,018 - INFO - database.scan_share_directory - scan_share_directory: Returning 7 valid excel files.
2026-07-27 12:19:10,625 - INFO - waitress_server.run_server - ✅ Database tables checked / created.
2026-07-27 12:19:10,628 - INFO - waitress_server.auto_fetch_reports - Starting auto-fetch of reports...
2026-07-27 12:19:10,629 - INFO - waitress_server.run_server - ✅ Scheduler started: checking for reports every 2 hours.
2026-07-27 12:19:10,629 - INFO - waitress_server.run_server - =================================================================
2026-07-27 12:19:10,629 - INFO - waitress_server.run_server -   HTC End-to-End Visibility Monitoring Dashboard
2026-07-27 12:19:10,629 - INFO - waitress_server.run_server -   Ethiopian Airlines | MPTC Engineering
2026-07-27 12:19:10,629 - INFO - waitress_server.run_server - 🚀 Portal starting on http://0.0.0.0:5000
2026-07-27 12:19:10,629 - INFO - waitress_server.run_server - =================================================================
2026-07-27 12:19:10,633 - INFO - wasyncore.log_info - Serving on http://0.0.0.0:5000
2026-07-27 12:19:10,634 - INFO - database.scan_share_directory - scan_share_directory: '\\svhqftp03\HCT' is a valid directory. Scanning...
2026-07-27 12:19:10,638 - INFO - database.scan_share_directory - scan_share_directory: Found 7 items.
2026-07-27 12:19:10,643 - INFO - database.scan_share_directory - scan_share_directory: Returning 7 valid excel files.
2026-07-27 12:19:10,644 - INFO - waitress_server.auto_fetch_reports - All found files are already loaded.
2026-07-27 12:27:05,662 - INFO - waitress_server.run_server - ✅ Database tables checked / created.
2026-07-27 12:27:05,666 - INFO - waitress_server.auto_fetch_reports - Starting auto-fetch of reports...
2026-07-27 12:27:05,666 - INFO - waitress_server.run_server - ✅ Scheduler started: checking for reports every 2 hours.
2026-07-27 12:27:05,666 - INFO - waitress_server.run_server - =================================================================
2026-07-27 12:27:05,667 - INFO - waitress_server.run_server -   HTC End-to-End Visibility Monitoring Dashboard
2026-07-27 12:27:05,667 - INFO - waitress_server.run_server -   Ethiopian Airlines | MPTC Engineering
2026-07-27 12:27:05,667 - INFO - waitress_server.run_server - 🚀 Portal starting on http://0.0.0.0:5000
2026-07-27 12:27:05,667 - INFO - waitress_server.run_server - =================================================================
2026-07-27 12:27:05,670 - INFO - wasyncore.log_info - Serving on http://0.0.0.0:5000
2026-07-27 12:27:05,673 - INFO - database.scan_share_directory - scan_share_directory: '\\svhqftp03\HCT' is a valid directory. Scanning...
2026-07-27 12:27:05,676 - INFO - database.scan_share_directory - scan_share_directory: Found 7 items.
2026-07-27 12:27:05,680 - INFO - database.scan_share_directory - scan_share_directory: Returning 7 valid excel files.
2026-07-27 12:27:05,681 - INFO - waitress_server.auto_fetch_reports - All found files are already loaded.
2026-07-27 12:28:17,530 - INFO - database.scan_share_directory - scan_share_directory: '\\svhqftp03\HCT' is a valid directory. Scanning...
2026-07-27 12:28:17,531 - INFO - database.scan_share_directory - scan_share_directory: Found 7 items.
2026-07-27 12:28:17,536 - INFO - database.scan_share_directory - scan_share_directory: Returning 7 valid excel files.
2026-07-27 12:28:18,302 - INFO - database.scan_share_directory - scan_share_directory: '\\svhqftp03\HCT' is a valid directory. Scanning...
2026-07-27 12:28:18,304 - INFO - database.scan_share_directory - scan_share_directory: Found 7 items.
2026-07-27 12:28:18,307 - INFO - database.scan_share_directory - scan_share_directory: Returning 7 valid excel files.
2026-07-27 12:28:18,843 - INFO - database.scan_share_directory - scan_share_directory: '\\svhqftp03\HCT' is a valid directory. Scanning...
2026-07-27 12:28:18,844 - INFO - database.scan_share_directory - scan_share_directory: Found 7 items.
2026-07-27 12:28:18,847 - INFO - database.scan_share_directory - scan_share_directory: Returning 7 valid excel files.
2026-07-27 12:28:19,378 - INFO - database.scan_share_directory - scan_share_directory: '\\svhqftp03\HCT' is a valid directory. Scanning...
2026-07-27 12:28:19,379 - INFO - database.scan_share_directory - scan_share_directory: Found 7 items.
2026-07-27 12:28:19,384 - INFO - database.scan_share_directory - scan_share_directory: Returning 7 valid excel files.
2026-07-27 12:28:20,292 - INFO - database.scan_share_directory - scan_share_directory: '\\svhqftp03\HCT' is a valid directory. Scanning...
2026-07-27 12:28:20,292 - INFO - database.scan_share_directory - scan_share_directory: Found 7 items.
2026-07-27 12:28:20,296 - INFO - database.scan_share_directory - scan_share_directory: Returning 7 valid excel files.
2026-07-27 12:34:26,371 - INFO - database.scan_share_directory - scan_share_directory: '\\svhqftp03\HCT' is a valid directory. Scanning...
2026-07-27 12:34:26,373 - INFO - database.scan_share_directory - scan_share_directory: Found 7 items.
2026-07-27 12:34:26,378 - INFO - database.scan_share_directory - scan_share_directory: Returning 7 valid excel files.
2026-07-27 12:34:28,761 - INFO - database.scan_share_directory - scan_share_directory: '\\svhqftp03\HCT' is a valid directory. Scanning...
2026-07-27 12:34:28,761 - INFO - database.scan_share_directory - scan_share_directory: Found 7 items.
2026-07-27 12:34:28,765 - INFO - database.scan_share_directory - scan_share_directory: Returning 7 valid excel files.
2026-07-27 12:34:29,532 - INFO - database.scan_share_directory - scan_share_directory: '\\svhqftp03\HCT' is a valid directory. Scanning...
2026-07-27 12:34:29,533 - INFO - database.scan_share_directory - scan_share_directory: Found 7 items.
2026-07-27 12:34:29,537 - INFO - database.scan_share_directory - scan_share_directory: Returning 7 valid excel files.
2026-07-27 12:34:30,199 - INFO - database.scan_share_directory - scan_share_directory: '\\svhqftp03\HCT' is a valid directory. Scanning...
2026-07-27 12:34:30,199 - INFO - database.scan_share_directory - scan_share_directory: Found 7 items.
2026-07-27 12:34:30,205 - INFO - database.scan_share_directory - scan_share_directory: Returning 7 valid excel files.
2026-07-27 12:34:34,755 - INFO - database.scan_share_directory - scan_share_directory: '\\svhqftp03\HCT' is a valid directory. Scanning...
2026-07-27 12:34:34,755 - INFO - database.scan_share_directory - scan_share_directory: Found 7 items.
2026-07-27 12:34:34,759 - INFO - database.scan_share_directory - scan_share_directory: Returning 7 valid excel files.
2026-07-27 12:56:33,916 - INFO - database.scan_share_directory - scan_share_directory: '\\svhqftp03\HCT' is a valid directory. Scanning...
2026-07-27 12:56:33,916 - INFO - database.scan_share_directory - scan_share_directory: Found 7 items.
2026-07-27 12:56:33,925 - INFO - database.scan_share_directory - scan_share_directory: Returning 7 valid excel files.
2026-07-27 14:27:05,855 - INFO - waitress_server.auto_fetch_reports - Starting auto-fetch of reports...
2026-07-27 14:27:05,858 - INFO - database.scan_share_directory - scan_share_directory: '\\svhqftp03\HCT' is a valid directory. Scanning...
2026-07-27 14:27:05,858 - INFO - database.scan_share_directory - scan_share_directory: Found 7 items.
2026-07-27 14:27:05,864 - INFO - database.scan_share_directory - scan_share_directory: Returning 7 valid excel files.
2026-07-27 14:27:05,866 - INFO - waitress_server.auto_fetch_reports - All found files are already loaded.
2026-07-27 14:31:45,854 - INFO - database.scan_share_directory - scan_share_directory: '\\svhqftp03\HCT' is a valid directory. Scanning...
2026-07-27 14:31:45,856 - INFO - database.scan_share_directory - scan_share_directory: Found 7 items.
2026-07-27 14:31:45,861 - INFO - database.scan_share_directory - scan_share_directory: Returning 7 valid excel files.
2026-07-27 14:31:55,416 - INFO - waitress_server.run_server - ✅ Database tables checked / created.
2026-07-27 14:31:55,421 - INFO - waitress_server.auto_fetch_reports - Starting auto-fetch of reports...
2026-07-27 14:31:55,421 - INFO - waitress_server.run_server - ✅ Scheduler started: checking for reports every 2 hours.
2026-07-27 14:31:55,421 - INFO - waitress_server.run_server - =================================================================
2026-07-27 14:31:55,421 - INFO - waitress_server.run_server -   HTC End-to-End Visibility Monitoring Dashboard
2026-07-27 14:31:55,421 - INFO - waitress_server.run_server -   Ethiopian Airlines | MPTC Engineering
2026-07-27 14:31:55,421 - INFO - waitress_server.run_server - 🚀 Portal starting on http://0.0.0.0:5000
2026-07-27 14:31:55,421 - INFO - waitress_server.run_server - =================================================================
2026-07-27 14:31:55,421 - INFO - database.scan_share_directory - scan_share_directory: '\\svhqftp03\HCT' is a valid directory. Scanning...
2026-07-27 14:31:55,422 - INFO - database.scan_share_directory - scan_share_directory: Found 7 items.
2026-07-27 14:31:55,426 - INFO - database.scan_share_directory - scan_share_directory: Returning 7 valid excel files.
2026-07-27 14:31:55,426 - INFO - wasyncore.log_info - Serving on http://0.0.0.0:5000
2026-07-27 14:31:55,428 - INFO - waitress_server.auto_fetch_reports - All found files are already loaded.
2026-07-27 14:33:04,273 - INFO - database.scan_share_directory - scan_share_directory: '\\svhqftp03\HCT' is a valid directory. Scanning...
2026-07-27 14:33:04,273 - INFO - database.scan_share_directory - scan_share_directory: Found 7 items.
2026-07-27 14:33:04,278 - INFO - database.scan_share_directory - scan_share_directory: Returning 7 valid excel files.
2026-07-27 14:33:21,032 - INFO - database.scan_share_directory - scan_share_directory: '\\svhqftp03\HCT' is a valid directory. Scanning...
2026-07-27 14:33:21,032 - INFO - database.scan_share_directory - scan_share_directory: Found 7 items.
2026-07-27 14:33:21,038 - INFO - database.scan_share_directory - scan_share_directory: Returning 7 valid excel files.
2026-07-27 14:33:23,366 - INFO - database.scan_share_directory - scan_share_directory: '\\svhqftp03\HCT' is a valid directory. Scanning...
2026-07-27 14:33:23,366 - INFO - database.scan_share_directory - scan_share_directory: Found 7 items.
2026-07-27 14:33:23,370 - INFO - database.scan_share_directory - scan_share_directory: Returning 7 valid excel files.
2026-07-27 14:39:32,727 - INFO - database.scan_share_directory - scan_share_directory: '\\svhqftp03\HCT' is a valid directory. Scanning...
2026-07-27 14:39:32,729 - INFO - database.scan_share_directory - scan_share_directory: Found 7 items.
2026-07-27 14:39:32,733 - INFO - database.scan_share_directory - scan_share_directory: Returning 7 valid excel files.
2026-07-27 14:41:51,843 - INFO - database.scan_share_directory - scan_share_directory: '\\svhqftp03\HCT' is a valid directory. Scanning...
2026-07-27 14:41:51,845 - INFO - database.scan_share_directory - scan_share_directory: Found 7 items.
2026-07-27 14:41:51,850 - INFO - database.scan_share_directory - scan_share_directory: Returning 7 valid excel files.
2026-07-27 14:58:40,958 - INFO - database.scan_share_directory - scan_share_directory: '\\svhqftp03\HCT' is a valid directory. Scanning...
2026-07-27 14:58:40,961 - INFO - database.scan_share_directory - scan_share_directory: Found 7 items.
2026-07-27 14:58:40,965 - INFO - database.scan_share_directory - scan_share_directory: Returning 7 valid excel files.
2026-07-27 15:21:28,075 - INFO - database.scan_share_directory - scan_share_directory: '\\svhqftp03\HCT' is a valid directory. Scanning...
2026-07-27 15:21:28,078 - INFO - database.scan_share_directory - scan_share_directory: Found 7 items.
2026-07-27 15:21:28,084 - INFO - database.scan_share_directory - scan_share_directory: Returning 7 valid excel files.
2026-07-27 16:31:55,611 - INFO - waitress_server.auto_fetch_reports - Starting auto-fetch of reports...
2026-07-27 16:31:55,621 - INFO - database.scan_share_directory - scan_share_directory: '\\svhqftp03\HCT' is a valid directory. Scanning...
2026-07-27 16:31:55,624 - INFO - database.scan_share_directory - scan_share_directory: Found 7 items.
2026-07-27 16:31:55,628 - INFO - database.scan_share_directory - scan_share_directory: Returning 7 valid excel files.
2026-07-27 16:31:55,631 - INFO - waitress_server.auto_fetch_reports - All found files are already loaded.
2026-07-27 18:31:55,791 - INFO - waitress_server.auto_fetch_reports - Starting auto-fetch of reports...
2026-07-27 18:31:55,800 - INFO - database.scan_share_directory - scan_share_directory: '\\svhqftp03\HCT' is a valid directory. Scanning...
2026-07-27 18:31:55,805 - INFO - database.scan_share_directory - scan_share_directory: Found 7 items.
2026-07-27 18:31:55,811 - INFO - database.scan_share_directory - scan_share_directory: Returning 7 valid excel files.
2026-07-27 18:31:55,817 - INFO - waitress_server.auto_fetch_reports - All found files are already loaded.
2026-07-27 20:31:55,967 - INFO - waitress_server.auto_fetch_reports - Starting auto-fetch of reports...
2026-07-27 20:31:55,976 - INFO - database.scan_share_directory - scan_share_directory: '\\svhqftp03\HCT' is a valid directory. Scanning...
2026-07-27 20:31:55,980 - INFO - database.scan_share_directory - scan_share_directory: Found 7 items.
2026-07-27 20:31:55,985 - INFO - database.scan_share_directory - scan_share_directory: Returning 7 valid excel files.
2026-07-27 20:31:55,991 - INFO - waitress_server.auto_fetch_reports - All found files are already loaded.
2026-07-27 22:31:56,138 - INFO - waitress_server.auto_fetch_reports - Starting auto-fetch of reports...
2026-07-27 22:31:56,146 - INFO - database.scan_share_directory - scan_share_directory: '\\svhqftp03\HCT' is a valid directory. Scanning...
2026-07-27 22:31:56,151 - INFO - database.scan_share_directory - scan_share_directory: Found 7 items.
2026-07-27 22:31:56,155 - INFO - database.scan_share_directory - scan_share_directory: Returning 7 valid excel files.
2026-07-27 22:31:56,159 - INFO - waitress_server.auto_fetch_reports - All found files are already loaded.
2026-07-28 00:31:56,305 - INFO - waitress_server.auto_fetch_reports - Starting auto-fetch of reports...
2026-07-28 00:31:56,311 - INFO - database.scan_share_directory - scan_share_directory: '\\svhqftp03\HCT' is a valid directory. Scanning...
2026-07-28 00:31:56,314 - INFO - database.scan_share_directory - scan_share_directory: Found 7 items.
2026-07-28 00:31:56,317 - INFO - database.scan_share_directory - scan_share_directory: Returning 7 valid excel files.
2026-07-28 00:31:56,321 - INFO - waitress_server.auto_fetch_reports - All found files are already loaded.
2026-07-28 02:31:56,463 - INFO - waitress_server.auto_fetch_reports - Starting auto-fetch of reports...
2026-07-28 02:31:56,473 - INFO - database.scan_share_directory - scan_share_directory: '\\svhqftp03\HCT' is a valid directory. Scanning...
2026-07-28 02:31:56,477 - INFO - database.scan_share_directory - scan_share_directory: Found 7 items.
2026-07-28 02:31:56,482 - INFO - database.scan_share_directory - scan_share_directory: Returning 7 valid excel files.
2026-07-28 02:31:56,488 - INFO - waitress_server.auto_fetch_reports - All found files are already loaded.
2026-07-28 04:31:56,628 - INFO - waitress_server.auto_fetch_reports - Starting auto-fetch of reports...
2026-07-28 04:31:56,635 - INFO - database.scan_share_directory - scan_share_directory: '\\svhqftp03\HCT' is a valid directory. Scanning...
2026-07-28 04:31:56,637 - INFO - database.scan_share_directory - scan_share_directory: Found 7 items.
2026-07-28 04:31:56,642 - INFO - database.scan_share_directory - scan_share_directory: Returning 7 valid excel files.
2026-07-28 04:31:56,648 - INFO - waitress_server.auto_fetch_reports - All found files are already loaded.
2026-07-28 06:31:56,787 - INFO - waitress_server.auto_fetch_reports - Starting auto-fetch of reports...
2026-07-28 06:31:56,797 - INFO - database.scan_share_directory - scan_share_directory: '\\svhqftp03\HCT' is a valid directory. Scanning...
2026-07-28 06:31:56,801 - INFO - database.scan_share_directory - scan_share_directory: Found 7 items.
2026-07-28 06:31:56,805 - INFO - database.scan_share_directory - scan_share_directory: Returning 7 valid excel files.
2026-07-28 06:31:56,811 - INFO - waitress_server.auto_fetch_reports - All found files are already loaded.
2026-07-28 08:08:52,303 - INFO - database.scan_share_directory - scan_share_directory: '\\svhqftp03\HCT' is a valid directory. Scanning...
2026-07-28 08:08:52,307 - INFO - database.scan_share_directory - scan_share_directory: Found 7 items.
2026-07-28 08:08:52,315 - INFO - database.scan_share_directory - scan_share_directory: Returning 7 valid excel files.
2026-07-28 08:31:56,957 - INFO - waitress_server.auto_fetch_reports - Starting auto-fetch of reports...
2026-07-28 08:31:56,972 - INFO - database.scan_share_directory - scan_share_directory: '\\svhqftp03\HCT' is a valid directory. Scanning...
2026-07-28 08:31:56,974 - INFO - database.scan_share_directory - scan_share_directory: Found 7 items.
2026-07-28 08:31:56,979 - INFO - database.scan_share_directory - scan_share_directory: Returning 7 valid excel files.
2026-07-28 08:31:56,990 - INFO - waitress_server.auto_fetch_reports - All found files are already loaded.
2026-07-28 08:44:34,402 - INFO - database.scan_share_directory - scan_share_directory: '\\svhqftp03\HCT' is a valid directory. Scanning...
2026-07-28 08:44:34,406 - INFO - database.scan_share_directory - scan_share_directory: Found 7 items.
2026-07-28 08:44:34,411 - INFO - database.scan_share_directory - scan_share_directory: Returning 7 valid excel files.
2026-07-28 09:42:14,173 - INFO - database.scan_share_directory - scan_share_directory: '\\svhqftp03\HCT' is a valid directory. Scanning...
2026-07-28 09:42:14,175 - INFO - database.scan_share_directory - scan_share_directory: Found 7 items.
2026-07-28 09:42:14,178 - INFO - database.scan_share_directory - scan_share_directory: Returning 7 valid excel files.
2026-07-28 09:47:40,098 - INFO - database.scan_share_directory - scan_share_directory: '\\svhqftp03\HCT' is a valid directory. Scanning...
2026-07-28 09:47:40,098 - INFO - database.scan_share_directory - scan_share_directory: Found 7 items.
2026-07-28 09:47:40,101 - INFO - database.scan_share_directory - scan_share_directory: Returning 7 valid excel files.
2026-07-28 10:12:43,973 - INFO - database.scan_share_directory - scan_share_directory: '\\svhqftp03\HCT' is a valid directory. Scanning...
2026-07-28 10:12:43,976 - INFO - database.scan_share_directory - scan_share_directory: Found 7 items.
2026-07-28 10:12:43,979 - INFO - database.scan_share_directory - scan_share_directory: Returning 7 valid excel files.
2026-07-28 10:12:54,031 - INFO - database.scan_share_directory - scan_share_directory: '\\svhqftp03\HCT' is a valid directory. Scanning...
2026-07-28 10:12:54,031 - INFO - database.scan_share_directory - scan_share_directory: Found 7 items.
2026-07-28 10:12:54,035 - INFO - database.scan_share_directory - scan_share_directory: Returning 7 valid excel files.
2026-07-28 10:16:39,110 - INFO - database.scan_share_directory - scan_share_directory: '\\svhqftp03\HCT' is a valid directory. Scanning...
2026-07-28 10:16:39,111 - INFO - database.scan_share_directory - scan_share_directory: Found 7 items.
2026-07-28 10:16:39,115 - INFO - database.scan_share_directory - scan_share_directory: Returning 7 valid excel files.
2026-07-28 10:31:57,159 - INFO - waitress_server.auto_fetch_reports - Starting auto-fetch of reports...
2026-07-28 10:31:57,166 - INFO - database.scan_share_directory - scan_share_directory: '\\svhqftp03\HCT' is a valid directory. Scanning...
2026-07-28 10:31:57,168 - INFO - database.scan_share_directory - scan_share_directory: Found 7 items.
2026-07-28 10:31:57,171 - INFO - database.scan_share_directory - scan_share_directory: Returning 7 valid excel files.
2026-07-28 10:31:57,173 - INFO - waitress_server.auto_fetch_reports - All found files are already loaded.
2026-07-28 11:50:08,631 - INFO - database.scan_share_directory - scan_share_directory: '\\svhqftp03\HCT' is a valid directory. Scanning...
2026-07-28 11:50:08,634 - INFO - database.scan_share_directory - scan_share_directory: Found 7 items.
2026-07-28 11:50:08,637 - INFO - database.scan_share_directory - scan_share_directory: Returning 7 valid excel files.
2026-07-28 12:31:57,337 - INFO - waitress_server.auto_fetch_reports - Starting auto-fetch of reports...
2026-07-28 12:31:57,345 - INFO - database.scan_share_directory - scan_share_directory: '\\svhqftp03\HCT' is a valid directory. Scanning...
2026-07-28 12:31:57,349 - INFO - database.scan_share_directory - scan_share_directory: Found 7 items.
2026-07-28 12:31:57,354 - INFO - database.scan_share_directory - scan_share_directory: Returning 7 valid excel files.
2026-07-28 12:31:57,357 - INFO - waitress_server.auto_fetch_reports - All found files are already loaded.
2026-07-28 14:31:57,539 - INFO - waitress_server.auto_fetch_reports - Starting auto-fetch of reports...
2026-07-28 14:31:57,551 - INFO - database.scan_share_directory - scan_share_directory: '\\svhqftp03\HCT' is a valid directory. Scanning...
2026-07-28 14:31:57,555 - INFO - database.scan_share_directory - scan_share_directory: Found 7 items.
2026-07-28 14:31:57,560 - INFO - database.scan_share_directory - scan_share_directory: Returning 7 valid excel files.
2026-07-28 14:31:57,580 - INFO - waitress_server.auto_fetch_reports - All found files are already loaded.
2026-07-28 16:31:57,747 - INFO - waitress_server.auto_fetch_reports - Starting auto-fetch of reports...
2026-07-28 16:31:57,755 - INFO - database.scan_share_directory - scan_share_directory: '\\svhqftp03\HCT' is a valid directory. Scanning...
2026-07-28 16:31:57,759 - INFO - database.scan_share_directory - scan_share_directory: Found 7 items.
2026-07-28 16:31:57,762 - INFO - database.scan_share_directory - scan_share_directory: Returning 7 valid excel files.
2026-07-28 16:31:57,765 - INFO - waitress_server.auto_fetch_reports - All found files are already loaded.
2026-07-28 17:36:12,270 - INFO - database.scan_share_directory - scan_share_directory: '\\svhqftp03\HCT' is a valid directory. Scanning...
2026-07-28 17:36:12,273 - INFO - database.scan_share_directory - scan_share_directory: Found 7 items.
2026-07-28 17:36:12,277 - INFO - database.scan_share_directory - scan_share_directory: Returning 7 valid excel files.
2026-07-28 18:31:57,926 - INFO - waitress_server.auto_fetch_reports - Starting auto-fetch of reports...
2026-07-28 18:31:57,945 - INFO - database.scan_share_directory - scan_share_directory: '\\svhqftp03\HCT' is a valid directory. Scanning...
2026-07-28 18:31:57,948 - INFO - database.scan_share_directory - scan_share_directory: Found 7 items.
2026-07-28 18:31:57,953 - INFO - database.scan_share_directory - scan_share_directory: Returning 7 valid excel files.
2026-07-28 18:31:57,957 - INFO - waitress_server.auto_fetch_reports - All found files are already loaded.
2026-07-28 20:31:58,097 - INFO - waitress_server.auto_fetch_reports - Starting auto-fetch of reports...
2026-07-28 20:31:58,124 - INFO - database.scan_share_directory - scan_share_directory: '\\svhqftp03\HCT' is a valid directory. Scanning...
2026-07-28 20:31:58,128 - INFO - database.scan_share_directory - scan_share_directory: Found 7 items.
2026-07-28 20:31:58,133 - INFO - database.scan_share_directory - scan_share_directory: Returning 7 valid excel files.
2026-07-28 20:31:58,137 - INFO - waitress_server.auto_fetch_reports - All found files are already loaded.
2026-07-28 22:31:58,276 - INFO - waitress_server.auto_fetch_reports - Starting auto-fetch of reports...
2026-07-28 22:31:58,302 - INFO - database.scan_share_directory - scan_share_directory: '\\svhqftp03\HCT' is a valid directory. Scanning...
2026-07-28 22:31:58,306 - INFO - database.scan_share_directory - scan_share_directory: Found 7 items.
2026-07-28 22:31:58,312 - INFO - database.scan_share_directory - scan_share_directory: Returning 7 valid excel files.
2026-07-28 22:31:58,318 - INFO - waitress_server.auto_fetch_reports - All found files are already loaded.
2026-07-29 00:31:58,454 - INFO - waitress_server.auto_fetch_reports - Starting auto-fetch of reports...
2026-07-29 00:31:58,481 - INFO - database.scan_share_directory - scan_share_directory: '\\svhqftp03\HCT' is a valid directory. Scanning...
2026-07-29 00:31:58,485 - INFO - database.scan_share_directory - scan_share_directory: Found 7 items.
2026-07-29 00:31:58,489 - INFO - database.scan_share_directory - scan_share_directory: Returning 7 valid excel files.
2026-07-29 00:31:58,493 - INFO - waitress_server.auto_fetch_reports - All found files are already loaded.
2026-07-29 02:31:58,629 - INFO - waitress_server.auto_fetch_reports - Starting auto-fetch of reports...
2026-07-29 02:31:58,660 - INFO - database.scan_share_directory - scan_share_directory: '\\svhqftp03\HCT' is a valid directory. Scanning...
2026-07-29 02:31:58,663 - INFO - database.scan_share_directory - scan_share_directory: Found 7 items.
2026-07-29 02:31:58,668 - INFO - database.scan_share_directory - scan_share_directory: Returning 7 valid excel files.
2026-07-29 02:31:58,670 - INFO - waitress_server.auto_fetch_reports - All found files are already loaded.
2026-07-29 04:31:58,804 - INFO - waitress_server.auto_fetch_reports - Starting auto-fetch of reports...
2026-07-29 04:31:58,846 - INFO - database.scan_share_directory - scan_share_directory: '\\svhqftp03\HCT' is a valid directory. Scanning...
2026-07-29 04:31:58,850 - INFO - database.scan_share_directory - scan_share_directory: Found 7 items.
2026-07-29 04:31:58,854 - INFO - database.scan_share_directory - scan_share_directory: Returning 7 valid excel files.
2026-07-29 04:31:58,858 - INFO - waitress_server.auto_fetch_reports - All found files are already loaded.
2026-07-29 06:31:58,993 - INFO - waitress_server.auto_fetch_reports - Starting auto-fetch of reports...
2026-07-29 06:31:59,025 - INFO - database.scan_share_directory - scan_share_directory: '\\svhqftp03\HCT' is a valid directory. Scanning...
2026-07-29 06:31:59,029 - INFO - database.scan_share_directory - scan_share_directory: Found 7 items.
2026-07-29 06:31:59,035 - INFO - database.scan_share_directory - scan_share_directory: Returning 7 valid excel files.
2026-07-29 06:31:59,043 - INFO - waitress_server.auto_fetch_reports - All found files are already loaded.
2026-07-29 08:00:09,556 - INFO - database.scan_share_directory - scan_share_directory: '\\svhqftp03\HCT' is a valid directory. Scanning...
2026-07-29 08:00:09,556 - INFO - database.scan_share_directory - scan_share_directory: Found 7 items.
2026-07-29 08:00:09,561 - INFO - database.scan_share_directory - scan_share_directory: Returning 7 valid excel files.
2026-07-29 08:31:59,184 - INFO - waitress_server.auto_fetch_reports - Starting auto-fetch of reports...
2026-07-29 08:31:59,220 - INFO - database.scan_share_directory - scan_share_directory: '\\svhqftp03\HCT' is a valid directory. Scanning...
2026-07-29 08:31:59,228 - INFO - database.scan_share_directory - scan_share_directory: Found 7 items.
2026-07-29 08:31:59,245 - INFO - database.scan_share_directory - scan_share_directory: Returning 7 valid excel files.
2026-07-29 08:31:59,252 - INFO - waitress_server.auto_fetch_reports - All found files are already loaded.
2026-07-29 09:46:22,635 - INFO - database.scan_share_directory - scan_share_directory: '\\svhqftp03\HCT' is a valid directory. Scanning...
2026-07-29 09:46:22,637 - INFO - database.scan_share_directory - scan_share_directory: Found 7 items.
2026-07-29 09:46:22,643 - INFO - database.scan_share_directory - scan_share_directory: Returning 7 valid excel files.
